INFO: [VRFC 10-163] Analyzing VHDL file "D:/delay_pedal/delay_pedal/delay_pedal.srcs/sources_1/imports/hdl/ADAU1761_interface.vhd" into library xil_defaultlib
INFO: [VRFC 10-3107] analyzing entity 'ADAU1761_interface'
INFO: [VRFC 10-163] Analyzing VHDL file "D:/delay_pedal/delay_pedal/delay_pedal.srcs/sources_1/imports/hdl/adau1761_configuraiton_data.vhd" into library xil_defaultlib
INFO: [VRFC 10-3107] analyzing entity 'adau1761_configuraiton_data'
INFO: [VRFC 10-163] Analyzing VHDL file "D:/delay_pedal/delay_pedal/delay_pedal.srcs/sources_1/imports/hdl/adau1761_izedboard.vhd" into library xil_defaultlib
INFO: [VRFC 10-3107] analyzing entity 'adau1761_izedboard'
INFO: [VRFC 10-163] Analyzing VHDL file "D:/delay_pedal/delay_pedal/delay_pedal.srcs/sources_1/new/audio_top.vhd" into library xil_defaultlib
INFO: [VRFC 10-3107] analyzing entity 'audio_top'
INFO: [VRFC 10-163] Analyzing VHDL file "D:/delay_pedal/delay_pedal/delay_pedal.srcs/sources_1/new/button.vhd" into library xil_defaultlib
INFO: [VRFC 10-3107] analyzing entity 'button'
INFO: [VRFC 10-163] Analyzing VHDL file "D:/delay_pedal/delay_pedal/delay_pedal.srcs/sources_1/imports/hdl/clocking.vhd" into library xil_defaultlib
INFO: [VRFC 10-3107] analyzing entity 'clocking'
INFO: [VRFC 10-163] Analyzing VHDL file "D:/delay_pedal/delay_pedal/delay_pedal.srcs/sources_1/new/delay_channel.vhd" into library xil_defaultlib
INFO: [VRFC 10-3107] analyzing entity 'delay_channel'
INFO: [VRFC 10-163] Analyzing VHDL file "D:/delay_pedal/delay_pedal/delay_pedal.srcs/sources_1/imports/hdl/i2c.vhd" into library xil_defaultlib
INFO: [VRFC 10-3107] analyzing entity 'i2c'
INFO: [VRFC 10-163] Analyzing VHDL file "D:/delay_pedal/delay_pedal/delay_pedal.srcs/sources_1/imports/hdl/i2s_data_interface.vhd" into library xil_defaultlib
INFO: [VRFC 10-3107] analyzing entity 'i2s_data_interface'
INFO: [VRFC 10-163] Analyzing VHDL file "D:/delay_pedal/delay_pedal/delay_pedal.srcs/sources_1/imports/hdl/i3c2.vhd" into library xil_defaultlib
INFO: [VRFC 10-3107] analyzing entity 'i3c2'
INFO: [VRFC 10-163] Analyzing VHDL file "D:/delay_pedal/delay_pedal/delay_pedal.srcs/sources_1/new/delay_pedal_top.vhd" into library xil_defaultlib
INFO: [VRFC 10-3107] analyzing entity 'delay_pedal_top'
