
*** Running vivado
    with args -log delay_pedal_top.vds -m64 -product Vivado -mode batch -messageDb vivado.pb -notrace -source delay_pedal_top.tcl



****** Vivado v2022.1 (64-bit)
  **** SW Build 3526262 on Mon Apr 18 15:48:16 MDT 2022
  **** IP Build 3524634 on Mon Apr 18 20:55:01 MDT 2022
    ** Copyright 1986-2022 Xilinx, Inc. All Rights Reserved.

source delay_pedal_top.tcl -notrace
Command: read_checkpoint -auto_incremental -incremental D:/delay_pedal/delay_pedal/delay_pedal.srcs/utils_1/imports/synth_1/delay_pedal_top.dcp
INFO: [Vivado 12-5825] Read reference checkpoint from D:/delay_pedal/delay_pedal/delay_pedal.srcs/utils_1/imports/synth_1/delay_pedal_top.dcp for incremental synthesis
INFO: [Vivado 12-7989] Please ensure there are no constraint changes
Command: synth_design -top delay_pedal_top -part xc7z020clg484-1
Starting synth_design
Attempting to get a license for feature 'Synthesis' and/or device 'xc7z020'
INFO: [Common 17-349] Got license for feature 'Synthesis' and/or device 'xc7z020'
INFO: [Device 21-403] Loading part xc7z020clg484-1
INFO: [Designutils 20-5440] No compile time benefit to using incremental synthesis; A full resynthesis will be run
INFO: [Designutils 20-4379] Flow is switching to default flow due to incremental criteria not met. If you would like to alter this behaviour and have the flow terminate instead, please set the following parameter config_implementation {autoIncr.Synth.RejectBehavior Terminate}
INFO: [Synth 8-7079] Multithreading enabled for synth_design using a maximum of 2 processes.
INFO: [Synth 8-7078] Launching helper process for spawning children vivado processes
INFO: [Synth 8-7075] Helper process launched with PID 7992
WARNING: [Synth 8-9501] generate block is allowed only inside loop and conditional generate in SystemVerilog mode [D:/Xilinx/Vivado/2022.1/data/ip/xpm/xpm_fifo/hdl/xpm_fifo.sv:4023]
---------------------------------------------------------------------------------
Starting RTL Elaboration : Time (s): cpu = 00:00:07 ; elapsed = 00:00:07 . Memory (MB): peak = 1294.133 ; gain = 0.000
---------------------------------------------------------------------------------
INFO: [Synth 8-638] synthesizing module 'delay_pedal_top' [D:/delay_pedal/delay_pedal/delay_pedal.srcs/sources_1/new/delay_pedal_top.vhd:41]
INFO: [Synth 8-638] synthesizing module 'audio_top' [D:/delay_pedal/delay_pedal/delay_pedal.srcs/sources_1/new/audio_top.vhd:32]
INFO: [Synth 8-3491] module 'clocking' declared at 'D:/delay_pedal/delay_pedal/delay_pedal.srcs/sources_1/imports/hdl/clocking.vhd:30' bound to instance 'i_clocking' of component 'clocking' [D:/delay_pedal/delay_pedal/delay_pedal.srcs/sources_1/new/audio_top.vhd:83]
INFO: [Synth 8-638] synthesizing module 'clocking' [D:/delay_pedal/delay_pedal/delay_pedal.srcs/sources_1/imports/hdl/clocking.vhd:43]
INFO: [Synth 8-113] binding component instance 'clkin1_buf' to cell 'IBUFG' [D:/delay_pedal/delay_pedal/delay_pedal.srcs/sources_1/imports/hdl/clocking.vhd:59]
	Parameter BANDWIDTH bound to: OPTIMIZED - type: string 
	Parameter CLKFBOUT_MULT_F bound to: 49.500000 - type: double 
	Parameter CLKFBOUT_PHASE bound to: 0.000000 - type: double 
	Parameter CLKFBOUT_USE_FINE_PS bound to: 0 - type: bool 
	Parameter CLKIN1_PERIOD bound to: 10.000000 - type: double 
	Parameter CLKOUT0_DIVIDE_F bound to: 20.625000 - type: double 
	Parameter CLKOUT0_DUTY_CYCLE bound to: 0.500000 - type: double 
	Parameter CLKOUT0_PHASE bound to: 0.000000 - type: double 
	Parameter CLKOUT0_USE_FINE_PS bound to: 0 - type: bool 
	Parameter CLKOUT4_CASCADE bound to: 0 - type: bool 
	Parameter COMPENSATION bound to: INTERNAL - type: string 
	Parameter DIVCLK_DIVIDE bound to: 5 - type: integer 
	Parameter REF_JITTER1 bound to: 0.010000 - type: double 
	Parameter STARTUP_WAIT bound to: 0 - type: bool 
INFO: [Synth 8-113] binding component instance 'mmcm_adv_inst' to cell 'MMCME2_ADV' [D:/delay_pedal/delay_pedal/delay_pedal.srcs/sources_1/imports/hdl/clocking.vhd:71]
INFO: [Synth 8-113] binding component instance 'clkout1_buf' to cell 'BUFG' [D:/delay_pedal/delay_pedal/delay_pedal.srcs/sources_1/imports/hdl/clocking.vhd:133]
INFO: [Synth 8-256] done synthesizing module 'clocking' (0#1) [D:/delay_pedal/delay_pedal/delay_pedal.srcs/sources_1/imports/hdl/clocking.vhd:43]
INFO: [Synth 8-3491] module 'adau1761_izedboard' declared at 'D:/delay_pedal/delay_pedal/delay_pedal.srcs/sources_1/imports/hdl/adau1761_izedboard.vhd:26' bound to instance 'Inst_adau1761_izedboard' of component 'adau1761_izedboard' [D:/delay_pedal/delay_pedal/delay_pedal.srcs/sources_1/new/audio_top.vhd:92]
INFO: [Synth 8-638] synthesizing module 'adau1761_izedboard' [D:/delay_pedal/delay_pedal/delay_pedal.srcs/sources_1/imports/hdl/adau1761_izedboard.vhd:47]
INFO: [Synth 8-113] binding component instance 'i_i2s_sda_obuf' to cell 'IOBUF' [D:/delay_pedal/delay_pedal/delay_pedal.srcs/sources_1/imports/hdl/adau1761_izedboard.vhd:132]
INFO: [Synth 8-3491] module 'i2c' declared at 'D:/delay_pedal/delay_pedal/delay_pedal.srcs/sources_1/imports/hdl/i2c.vhd:9' bound to instance 'Inst_i2c' of component 'i2c' [D:/delay_pedal/delay_pedal/delay_pedal.srcs/sources_1/imports/hdl/adau1761_izedboard.vhd:140]
INFO: [Synth 8-638] synthesizing module 'i2c' [D:/delay_pedal/delay_pedal/delay_pedal.srcs/sources_1/imports/hdl/i2c.vhd:19]
INFO: [Synth 8-3491] module 'adau1761_configuraiton_data' declared at 'D:/delay_pedal/delay_pedal/delay_pedal.srcs/sources_1/imports/hdl/adau1761_configuraiton_data.vhd:13' bound to instance 'Inst_adau1761_configuraiton_data' of component 'adau1761_configuraiton_data' [D:/delay_pedal/delay_pedal/delay_pedal.srcs/sources_1/imports/hdl/i2c.vhd:56]
INFO: [Synth 8-638] synthesizing module 'adau1761_configuraiton_data' [D:/delay_pedal/delay_pedal/delay_pedal.srcs/sources_1/imports/hdl/adau1761_configuraiton_data.vhd:19]
INFO: [Synth 8-256] done synthesizing module 'adau1761_configuraiton_data' (0#1) [D:/delay_pedal/delay_pedal/delay_pedal.srcs/sources_1/imports/hdl/adau1761_configuraiton_data.vhd:19]
	Parameter clk_divide bound to: 8'b01111000 
INFO: [Synth 8-3491] module 'i3c2' declared at 'D:/delay_pedal/delay_pedal/delay_pedal.srcs/sources_1/imports/hdl/i3c2.vhd:18' bound to instance 'Inst_i3c2' of component 'i3c2' [D:/delay_pedal/delay_pedal/delay_pedal.srcs/sources_1/imports/hdl/i2c.vhd:62]
INFO: [Synth 8-638] synthesizing module 'i3c2' [D:/delay_pedal/delay_pedal/delay_pedal.srcs/sources_1/imports/hdl/i3c2.vhd:38]
	Parameter clk_divide bound to: 8'b01111000 
INFO: [Synth 8-256] done synthesizing module 'i3c2' (0#1) [D:/delay_pedal/delay_pedal/delay_pedal.srcs/sources_1/imports/hdl/i3c2.vhd:38]
INFO: [Synth 8-256] done synthesizing module 'i2c' (0#1) [D:/delay_pedal/delay_pedal/delay_pedal.srcs/sources_1/imports/hdl/i2c.vhd:19]
INFO: [Synth 8-3491] module 'ADAU1761_interface' declared at 'D:/delay_pedal/delay_pedal/delay_pedal.srcs/sources_1/imports/hdl/ADAU1761_interface.vhd:11' bound to instance 'i_ADAU1761_interface' of component 'ADAU1761_interface' [D:/delay_pedal/delay_pedal/delay_pedal.srcs/sources_1/imports/hdl/adau1761_izedboard.vhd:150]
INFO: [Synth 8-638] synthesizing module 'ADAU1761_interface' [D:/delay_pedal/delay_pedal/delay_pedal.srcs/sources_1/imports/hdl/ADAU1761_interface.vhd:16]
INFO: [Synth 8-256] done synthesizing module 'ADAU1761_interface' (0#1) [D:/delay_pedal/delay_pedal/delay_pedal.srcs/sources_1/imports/hdl/ADAU1761_interface.vhd:16]
INFO: [Synth 8-3491] module 'i2s_data_interface' declared at 'D:/delay_pedal/delay_pedal/delay_pedal.srcs/sources_1/imports/hdl/i2s_data_interface.vhd:13' bound to instance 'Inst_i2s_data_interface' of component 'i2s_data_interface' [D:/delay_pedal/delay_pedal/delay_pedal.srcs/sources_1/imports/hdl/adau1761_izedboard.vhd:155]
INFO: [Synth 8-638] synthesizing module 'i2s_data_interface' [D:/delay_pedal/delay_pedal/delay_pedal.srcs/sources_1/imports/hdl/i2s_data_interface.vhd:26]
INFO: [Synth 8-256] done synthesizing module 'i2s_data_interface' (0#1) [D:/delay_pedal/delay_pedal/delay_pedal.srcs/sources_1/imports/hdl/i2s_data_interface.vhd:26]
INFO: [Synth 8-256] done synthesizing module 'adau1761_izedboard' (0#1) [D:/delay_pedal/delay_pedal/delay_pedal.srcs/sources_1/imports/hdl/adau1761_izedboard.vhd:47]
INFO: [Synth 8-256] done synthesizing module 'audio_top' (0#1) [D:/delay_pedal/delay_pedal/delay_pedal.srcs/sources_1/new/audio_top.vhd:32]
INFO: [Synth 8-638] synthesizing module 'delay_channel' [D:/delay_pedal/delay_pedal/delay_pedal.srcs/sources_1/new/delay_channel.vhd:39]
INFO: [Synth 8-638] synthesizing module 'delay_line' [D:/delay_pedal/delay_pedal/delay_pedal.srcs/sources_1/new/delay_line.vhd:40]
INFO: [Synth 8-3491] module 'fifo_delay_axis' declared at 'D:/delay_pedal/delay_pedal/delay_pedal.runs/synth_1/.Xil/Vivado-1504-DESKTOP-CVLIU8H/realtime/fifo_delay_axis_stub.v:5' bound to instance 'i_fifo' of component 'fifo_delay_axis' [D:/delay_pedal/delay_pedal/delay_pedal.srcs/sources_1/new/delay_line.vhd:80]
INFO: [Synth 8-6157] synthesizing module 'fifo_delay_axis' [D:/delay_pedal/delay_pedal/delay_pedal.runs/synth_1/.Xil/Vivado-1504-DESKTOP-CVLIU8H/realtime/fifo_delay_axis_stub.v:5]
INFO: [Synth 8-6155] done synthesizing module 'fifo_delay_axis' (0#1) [D:/delay_pedal/delay_pedal/delay_pedal.runs/synth_1/.Xil/Vivado-1504-DESKTOP-CVLIU8H/realtime/fifo_delay_axis_stub.v:5]
INFO: [Synth 8-256] done synthesizing module 'delay_line' (0#1) [D:/delay_pedal/delay_pedal/delay_pedal.srcs/sources_1/new/delay_line.vhd:40]
INFO: [Synth 8-638] synthesizing module 'eq_lpf' [D:/delay_pedal/delay_pedal/delay_pedal.srcs/sources_1/new/eq_lpf.vhd:36]
INFO: [Synth 8-3491] module 'fir_lpf_129t_b16' declared at 'D:/delay_pedal/delay_pedal/delay_pedal.runs/synth_1/.Xil/Vivado-1504-DESKTOP-CVLIU8H/realtime/fir_lpf_129t_b16_stub.v:5' bound to instance 'i_fir' of component 'fir_lpf_129t_b16' [D:/delay_pedal/delay_pedal/delay_pedal.srcs/sources_1/new/eq_lpf.vhd:66]
INFO: [Synth 8-6157] synthesizing module 'fir_lpf_129t_b16' [D:/delay_pedal/delay_pedal/delay_pedal.runs/synth_1/.Xil/Vivado-1504-DESKTOP-CVLIU8H/realtime/fir_lpf_129t_b16_stub.v:5]
INFO: [Synth 8-6155] done synthesizing module 'fir_lpf_129t_b16' (0#1) [D:/delay_pedal/delay_pedal/delay_pedal.runs/synth_1/.Xil/Vivado-1504-DESKTOP-CVLIU8H/realtime/fir_lpf_129t_b16_stub.v:5]
INFO: [Synth 8-256] done synthesizing module 'eq_lpf' (0#1) [D:/delay_pedal/delay_pedal/delay_pedal.srcs/sources_1/new/eq_lpf.vhd:36]
INFO: [Synth 8-638] synthesizing module 'eq_hpf' [D:/delay_pedal/delay_pedal/delay_pedal.srcs/sources_1/new/eq_hpf.vhd:36]
INFO: [Synth 8-3491] module 'fir_hpf_129t_b16' declared at 'D:/delay_pedal/delay_pedal/delay_pedal.runs/synth_1/.Xil/Vivado-1504-DESKTOP-CVLIU8H/realtime/fir_hpf_129t_b16_stub.v:5' bound to instance 'i_fir' of component 'fir_hpf_129t_b16' [D:/delay_pedal/delay_pedal/delay_pedal.srcs/sources_1/new/eq_hpf.vhd:66]
INFO: [Synth 8-6157] synthesizing module 'fir_hpf_129t_b16' [D:/delay_pedal/delay_pedal/delay_pedal.runs/synth_1/.Xil/Vivado-1504-DESKTOP-CVLIU8H/realtime/fir_hpf_129t_b16_stub.v:5]
INFO: [Synth 8-6155] done synthesizing module 'fir_hpf_129t_b16' (0#1) [D:/delay_pedal/delay_pedal/delay_pedal.runs/synth_1/.Xil/Vivado-1504-DESKTOP-CVLIU8H/realtime/fir_hpf_129t_b16_stub.v:5]
INFO: [Synth 8-256] done synthesizing module 'eq_hpf' (0#1) [D:/delay_pedal/delay_pedal/delay_pedal.srcs/sources_1/new/eq_hpf.vhd:36]
INFO: [Synth 8-256] done synthesizing module 'delay_channel' (0#1) [D:/delay_pedal/delay_pedal/delay_pedal.srcs/sources_1/new/delay_channel.vhd:39]
INFO: [Synth 8-638] synthesizing module 'button' [D:/delay_pedal/delay_pedal/delay_pedal.srcs/sources_1/new/button.vhd:22]
	Parameter FCLK bound to: 100000000.000000 - type: double 
	Parameter SHORT_PRESS_DURATION bound to: 0.100000 - type: double 
	Parameter LONG_PRESS_DURATION bound to: 1.000000 - type: double 
INFO: [Synth 8-256] done synthesizing module 'button' (0#1) [D:/delay_pedal/delay_pedal/delay_pedal.srcs/sources_1/new/button.vhd:22]
INFO: [Synth 8-256] done synthesizing module 'delay_pedal_top' (0#1) [D:/delay_pedal/delay_pedal/delay_pedal.srcs/sources_1/new/delay_pedal_top.vhd:41]
WARNING: [Synth 8-7129] Port hphone_r_valid_dummy in module audio_top is either unconnected or has no load
---------------------------------------------------------------------------------
Finished RTL Elaboration : Time (s): cpu = 00:00:09 ; elapsed = 00:00:10 . Memory (MB): peak = 1294.133 ; gain = 0.000
---------------------------------------------------------------------------------
---------------------------------------------------------------------------------
Start Handling Custom Attributes
---------------------------------------------------------------------------------
---------------------------------------------------------------------------------
Finished Handling Custom Attributes : Time (s): cpu = 00:00:09 ; elapsed = 00:00:10 . Memory (MB): peak = 1294.133 ; gain = 0.000
---------------------------------------------------------------------------------
---------------------------------------------------------------------------------
Finished RTL Optimization Phase 1 : Time (s): cpu = 00:00:09 ; elapsed = 00:00:10 . Memory (MB): peak = 1294.133 ; gain = 0.000
---------------------------------------------------------------------------------
Netlist sorting complete. Time (s): cpu = 00:00:00 ; elapsed = 00:00:00.045 . Memory (MB): peak = 1294.133 ; gain = 0.000
INFO: [Netlist 29-17] Analyzing 3 Unisim elements for replacement
WARNING: [Netlist 29-432] The IBUFG primitive 'i_audio/i_clocking/clkin1_buf' has been retargeted to an IBUF primitive only. No BUFG will be added. If a global buffer is intended, please instantiate an available global clock primitive from the current architecture.
INFO: [Netlist 29-28] Unisim Transformation completed in 0 CPU seconds
INFO: [Project 1-570] Preparing netlist for logic optimization

Processing XDC Constraints
Initializing timing engine
Parsing XDC File [d:/delay_pedal/delay_pedal/delay_pedal.gen/sources_1/ip/fifo_delay_axis/fifo_delay_axis/fifo_delay_axis_in_context.xdc] for cell 'chan_l/i_delay_line/i_fifo'
Finished Parsing XDC File [d:/delay_pedal/delay_pedal/delay_pedal.gen/sources_1/ip/fifo_delay_axis/fifo_delay_axis/fifo_delay_axis_in_context.xdc] for cell 'chan_l/i_delay_line/i_fifo'
Parsing XDC File [d:/delay_pedal/delay_pedal/delay_pedal.gen/sources_1/ip/fifo_delay_axis/fifo_delay_axis/fifo_delay_axis_in_context.xdc] for cell 'chan_r/i_delay_line/i_fifo'
Finished Parsing XDC File [d:/delay_pedal/delay_pedal/delay_pedal.gen/sources_1/ip/fifo_delay_axis/fifo_delay_axis/fifo_delay_axis_in_context.xdc] for cell 'chan_r/i_delay_line/i_fifo'
Parsing XDC File [d:/delay_pedal/delay_pedal/delay_pedal.gen/sources_1/ip/fir_hpf_129t_b16/fir_hpf_129t_b16/fir_hpf_129t_b16_in_context.xdc] for cell 'chan_l/i_hpf/i_fir'
Finished Parsing XDC File [d:/delay_pedal/delay_pedal/delay_pedal.gen/sources_1/ip/fir_hpf_129t_b16/fir_hpf_129t_b16/fir_hpf_129t_b16_in_context.xdc] for cell 'chan_l/i_hpf/i_fir'
Parsing XDC File [d:/delay_pedal/delay_pedal/delay_pedal.gen/sources_1/ip/fir_hpf_129t_b16/fir_hpf_129t_b16/fir_hpf_129t_b16_in_context.xdc] for cell 'chan_r/i_hpf/i_fir'
Finished Parsing XDC File [d:/delay_pedal/delay_pedal/delay_pedal.gen/sources_1/ip/fir_hpf_129t_b16/fir_hpf_129t_b16/fir_hpf_129t_b16_in_context.xdc] for cell 'chan_r/i_hpf/i_fir'
Parsing XDC File [d:/delay_pedal/delay_pedal/delay_pedal.gen/sources_1/ip/fir_lpf_129t_b16/fir_lpf_129t_b16/fir_lpf_129t_b16_in_context.xdc] for cell 'chan_l/i_lpf/i_fir'
Finished Parsing XDC File [d:/delay_pedal/delay_pedal/delay_pedal.gen/sources_1/ip/fir_lpf_129t_b16/fir_lpf_129t_b16/fir_lpf_129t_b16_in_context.xdc] for cell 'chan_l/i_lpf/i_fir'
Parsing XDC File [d:/delay_pedal/delay_pedal/delay_pedal.gen/sources_1/ip/fir_lpf_129t_b16/fir_lpf_129t_b16/fir_lpf_129t_b16_in_context.xdc] for cell 'chan_r/i_lpf/i_fir'
Finished Parsing XDC File [d:/delay_pedal/delay_pedal/delay_pedal.gen/sources_1/ip/fir_lpf_129t_b16/fir_lpf_129t_b16/fir_lpf_129t_b16_in_context.xdc] for cell 'chan_r/i_lpf/i_fir'
Parsing XDC File [D:/delay_pedal/delay_pedal/delay_pedal.srcs/constrs_1/new/zed_audio.xdc]
INFO: [Timing 38-2] Deriving generated clocks [D:/delay_pedal/delay_pedal/delay_pedal.srcs/constrs_1/new/zed_audio.xdc:13]
Finished Parsing XDC File [D:/delay_pedal/delay_pedal/delay_pedal.srcs/constrs_1/new/zed_audio.xdc]
INFO: [Project 1-236] Implementation specific constraints were found while reading constraint file [D:/delay_pedal/delay_pedal/delay_pedal.srcs/constrs_1/new/zed_audio.xdc]. These constraints will be ignored for synthesis but will be used in implementation. Impacted constraints are listed in the file [.Xil/delay_pedal_top_propImpl.xdc].
Resolution: To avoid this warning, move constraints listed in [.Xil/delay_pedal_top_propImpl.xdc] to another XDC file and exclude this new file from synthesis with the used_in_synthesis property (File Properties dialog in GUI) and re-run elaboration/synthesis.
Completed Processing XDC Constraints

Netlist sorting complete. Time (s): cpu = 00:00:00 ; elapsed = 00:00:00.002 . Memory (MB): peak = 1333.684 ; gain = 0.000
INFO: [Project 1-111] Unisim Transformation Summary:
  A total of 2 instances were transformed.
  IBUFG => IBUF: 1 instance 
  IOBUF => IOBUF (IBUF, OBUFT): 1 instance 

Constraint Validation Runtime : Time (s): cpu = 00:00:00 ; elapsed = 00:00:00.013 . Memory (MB): peak = 1333.684 ; gain = 0.000
INFO: [Designutils 20-5440] No compile time benefit to using incremental synthesis; A full resynthesis will be run
INFO: [Designutils 20-4379] Flow is switching to default flow due to incremental criteria not met. If you would like to alter this behaviour and have the flow terminate instead, please set the following parameter config_implementation {autoIncr.Synth.RejectBehavior Terminate}
---------------------------------------------------------------------------------
Finished Constraint Validation : Time (s): cpu = 00:00:19 ; elapsed = 00:00:20 . Memory (MB): peak = 1333.684 ; gain = 39.551
---------------------------------------------------------------------------------
---------------------------------------------------------------------------------
Start Loading Part and Timing Information
---------------------------------------------------------------------------------
Loading part: xc7z020clg484-1
---------------------------------------------------------------------------------
Finished Loading Part and Timing Information : Time (s): cpu = 00:00:19 ; elapsed = 00:00:20 . Memory (MB): peak = 1333.684 ; gain = 39.551
---------------------------------------------------------------------------------
---------------------------------------------------------------------------------
Start Applying 'set_property' XDC Constraints
---------------------------------------------------------------------------------
Applied set_property KEEP_HIERARCHY = SOFT for chan_l/i_delay_line/i_fifo. (constraint file  auto generated constraint).
Applied set_property KEEP_HIERARCHY = SOFT for chan_r/i_delay_line/i_fifo. (constraint file  auto generated constraint).
Applied set_property KEEP_HIERARCHY = SOFT for chan_l/i_hpf/i_fir. (constraint file  auto generated constraint).
Applied set_property KEEP_HIERARCHY = SOFT for chan_r/i_hpf/i_fir. (constraint file  auto generated constraint).
Applied set_property KEEP_HIERARCHY = SOFT for chan_l/i_lpf/i_fir. (constraint file  auto generated constraint).
Applied set_property KEEP_HIERARCHY = SOFT for chan_r/i_lpf/i_fir. (constraint file  auto generated constraint).
---------------------------------------------------------------------------------
Finished applying 'set_property' XDC Constraints : Time (s): cpu = 00:00:19 ; elapsed = 00:00:20 . Memory (MB): peak = 1333.684 ; gain = 39.551
---------------------------------------------------------------------------------
---------------------------------------------------------------------------------
Finished RTL Optimization Phase 2 : Time (s): cpu = 00:00:20 ; elapsed = 00:00:21 . Memory (MB): peak = 1333.684 ; gain = 39.551
---------------------------------------------------------------------------------
---------------------------------------------------------------------------------
Start RTL Component Statistics 
---------------------------------------------------------------------------------
Detailed RTL Component Info : 
+---Adders : 
	   3 Input   26 Bit       Adders := 2     
	   2 Input   16 Bit       Adders := 1     
	   2 Input   10 Bit       Adders := 1     
	   2 Input    8 Bit       Adders := 1     
	   2 Input    4 Bit       Adders := 1     
	   2 Input    3 Bit       Adders := 2     
	   2 Input    2 Bit       Adders := 3     
+---XORs : 
	   2 Input      1 Bit         XORs := 1     
+---Registers : 
	              127 Bit    Registers := 1     
	               64 Bit    Registers := 1     
	               32 Bit    Registers := 2     
	               26 Bit    Registers := 2     
	               24 Bit    Registers := 18    
	               16 Bit    Registers := 2     
	               10 Bit    Registers := 2     
	                9 Bit    Registers := 2     
	                8 Bit    Registers := 2     
	                5 Bit    Registers := 3     
	                4 Bit    Registers := 2     
	                3 Bit    Registers := 2     
	                2 Bit    Registers := 3     
	                1 Bit    Registers := 57    
+---ROMs : 
	                    ROMs := 1     
+---Muxes : 
	   2 Input   64 Bit        Muxes := 1     
	   2 Input   24 Bit        Muxes := 4     
	  21 Input   16 Bit        Muxes := 1     
	   2 Input   16 Bit        Muxes := 6     
	   6 Input   16 Bit        Muxes := 1     
	  13 Input   16 Bit        Muxes := 1     
	   4 Input   15 Bit        Muxes := 1     
	   2 Input   10 Bit        Muxes := 2     
	   6 Input   10 Bit        Muxes := 1     
	  13 Input   10 Bit        Muxes := 1     
	   2 Input    9 Bit        Muxes := 11    
	   6 Input    9 Bit        Muxes := 1     
	  13 Input    9 Bit        Muxes := 1     
	   5 Input    9 Bit        Muxes := 2     
	   6 Input    8 Bit        Muxes := 1     
	   2 Input    8 Bit        Muxes := 2     
	   2 Input    4 Bit        Muxes := 8     
	   4 Input    4 Bit        Muxes := 1     
	   7 Input    4 Bit        Muxes := 1     
	   6 Input    4 Bit        Muxes := 2     
	  13 Input    4 Bit        Muxes := 1     
	   2 Input    3 Bit        Muxes := 2     
	   2 Input    2 Bit        Muxes := 6     
	   3 Input    2 Bit        Muxes := 2     
	  13 Input    1 Bit        Muxes := 6     
	   2 Input    1 Bit        Muxes := 51    
	   6 Input    1 Bit        Muxes := 17    
	  14 Input    1 Bit        Muxes := 2     
	   3 Input    1 Bit        Muxes := 1     
	   5 Input    1 Bit        Muxes := 1     
---------------------------------------------------------------------------------
Finished RTL Component Statistics 
---------------------------------------------------------------------------------
---------------------------------------------------------------------------------
Start Part Resource Summary
---------------------------------------------------------------------------------
Part Resources:
DSPs: 220 (col length:60)
BRAMs: 280 (col length: RAMB18 60 RAMB36 30)
---------------------------------------------------------------------------------
Finished Part Resource Summary
---------------------------------------------------------------------------------
---------------------------------------------------------------------------------
Start Cross Boundary and Area Optimization
---------------------------------------------------------------------------------
WARNING: [Synth 8-7080] Parallel synthesis criteria is not met
WARNING: [Synth 8-6040] Register Inst_adau1761_izedboard/Inst_i2c/Inst_i3c2/pcnext_reg_rep driving address of a ROM cannot be packed in BRAM/URAM because of presence of initial value.
DSP Report: Generating DSP p_lp_reg, operation Mode is: (A*B)'.
DSP Report: register p_lp_reg is absorbed into DSP p_lp_reg.
DSP Report: operator p_lp0 is absorbed into DSP p_lp_reg.
DSP Report: Generating DSP p_hp_reg, operation Mode is: (A*B)'.
DSP Report: register p_hp_reg is absorbed into DSP p_hp_reg.
DSP Report: operator p_hp0 is absorbed into DSP p_hp_reg.
DSP Report: Generating DSP p_dry_reg, operation Mode is: (A*B)'.
DSP Report: register p_dry_reg is absorbed into DSP p_dry_reg.
DSP Report: operator p_dry0 is absorbed into DSP p_dry_reg.
DSP Report: Generating DSP p_lp_reg, operation Mode is: (A*B)'.
DSP Report: register p_lp_reg is absorbed into DSP p_lp_reg.
DSP Report: operator p_lp0 is absorbed into DSP p_lp_reg.
DSP Report: Generating DSP p_hp_reg, operation Mode is: (A*B)'.
DSP Report: register p_hp_reg is absorbed into DSP p_hp_reg.
DSP Report: operator p_hp0 is absorbed into DSP p_hp_reg.
DSP Report: Generating DSP p_dry_reg, operation Mode is: (A*B)'.
DSP Report: register p_dry_reg is absorbed into DSP p_dry_reg.
DSP Report: operator p_dry0 is absorbed into DSP p_dry_reg.
WARNING: [Synth 8-7129] Port hphone_r_valid_dummy in module audio_top is either unconnected or has no load
---------------------------------------------------------------------------------
Finished Cross Boundary and Area Optimization : Time (s): cpu = 00:00:25 ; elapsed = 00:00:26 . Memory (MB): peak = 1333.684 ; gain = 39.551
---------------------------------------------------------------------------------
---------------------------------------------------------------------------------
Start ROM, RAM, DSP, Shift Register and Retiming Reporting
---------------------------------------------------------------------------------

ROM: Preliminary Mapping Report
+------------+----------------------------------------------------------------------------+---------------+----------------+
|Module Name | RTL Object                                                                 | Depth x Width | Implemented As | 
+------------+----------------------------------------------------------------------------+---------------+----------------+
|audio_top   | Inst_adau1761_izedboard/Inst_i2c/Inst_adau1761_configuraiton_data/data_reg | 1024x9        | Block RAM      | 
+------------+----------------------------------------------------------------------------+---------------+----------------+


DSP: Preliminary Mapping Report (see note below. The ' indicates corresponding REG is set)
+--------------+-------------+--------+--------+--------+--------+--------+------+------+------+------+-------+------+------+
|Module Name   | DSP Mapping | A Size | B Size | C Size | D Size | P Size | AREG | BREG | CREG | DREG | ADREG | MREG | PREG | 
+--------------+-------------+--------+--------+--------+--------+--------+------+------+------+------+-------+------+------+
|delay_channel | (A*B)'      | 24     | 10     | -      | -      | 34     | 0    | 0    | -    | -    | -     | 1    | 0    | 
|delay_channel | (A*B)'      | 24     | 10     | -      | -      | 34     | 0    | 0    | -    | -    | -     | 1    | 0    | 
|delay_channel | (A*B)'      | 24     | 10     | -      | -      | 34     | 0    | 0    | -    | -    | -     | 1    | 0    | 
|delay_channel | (A*B)'      | 24     | 10     | -      | -      | 34     | 0    | 0    | -    | -    | -     | 1    | 0    | 
|delay_channel | (A*B)'      | 24     | 10     | -      | -      | 34     | 0    | 0    | -    | -    | -     | 1    | 0    | 
|delay_channel | (A*B)'      | 24     | 10     | -      | -      | 34     | 0    | 0    | -    | -    | -     | 1    | 0    | 
+--------------+-------------+--------+--------+--------+--------+--------+------+------+------+------+-------+------+------+

Note: The table above is a preliminary report that shows the DSPs inferred at the current stage of the synthesis flow. Some DSP may be reimplemented as non DSP primitives later in the synthesis flow. Multiple instantiated DSPs are reported only once.
---------------------------------------------------------------------------------
Finished ROM, RAM, DSP, Shift Register and Retiming Reporting
---------------------------------------------------------------------------------
---------------------------------------------------------------------------------
Start Applying XDC Timing Constraints
---------------------------------------------------------------------------------
---------------------------------------------------------------------------------
Finished Applying XDC Timing Constraints : Time (s): cpu = 00:00:36 ; elapsed = 00:00:38 . Memory (MB): peak = 1333.684 ; gain = 39.551
---------------------------------------------------------------------------------
---------------------------------------------------------------------------------
Start Timing Optimization
---------------------------------------------------------------------------------
---------------------------------------------------------------------------------
Finished Timing Optimization : Time (s): cpu = 00:00:37 ; elapsed = 00:00:39 . Memory (MB): peak = 1366.227 ; gain = 72.094
---------------------------------------------------------------------------------
---------------------------------------------------------------------------------
Start Technology Mapping
---------------------------------------------------------------------------------
INFO: [Synth 8-7052] The timing for the instance i_audio/Inst_adau1761_izedboard/Inst_i2c/Inst_adau1761_configuraiton_data/data_reg (implemented as a Block RAM) might be sub-optimal as no optional output register could be merged into the ram block. Providing additional output register may help in improving timing.
---------------------------------------------------------------------------------
Finished Technology Mapping : Time (s): cpu = 00:00:38 ; elapsed = 00:00:39 . Memory (MB): peak = 1367.035 ; gain = 72.902
---------------------------------------------------------------------------------
---------------------------------------------------------------------------------
Start IO Insertion
---------------------------------------------------------------------------------
---------------------------------------------------------------------------------
Start Flattening Before IO Insertion
---------------------------------------------------------------------------------
---------------------------------------------------------------------------------
Finished Flattening Before IO Insertion
---------------------------------------------------------------------------------
---------------------------------------------------------------------------------
Start Final Netlist Cleanup
---------------------------------------------------------------------------------
---------------------------------------------------------------------------------
Finished Final Netlist Cleanup
---------------------------------------------------------------------------------
WARNING: [Synth 8-5396] Clock pin C has keep related attribute (keep/mark_debug/dont_touch) which could create extra logic on its net [D:/delay_pedal/delay_pedal/delay_pedal.srcs/sources_1/new/delay_channel.vhd:117]
WARNING: [Synth 8-5396] Clock pin CLK has keep related attribute (keep/mark_debug/dont_touch) which could create extra logic on its net [D:/delay_pedal/delay_pedal/delay_pedal.srcs/sources_1/new/delay_channel.vhd:111]
WARNING: [Synth 8-5396] Clock pin C has keep related attribute (keep/mark_debug/dont_touch) which could create extra logic on its net [D:/delay_pedal/delay_pedal/delay_pedal.srcs/sources_1/new/delay_channel.vhd:117]
WARNING: [Synth 8-5396] Clock pin CLK has keep related attribute (keep/mark_debug/dont_touch) which could create extra logic on its net [D:/delay_pedal/delay_pedal/delay_pedal.srcs/sources_1/new/delay_channel.vhd:111]
WARNING: [Synth 8-5396] Clock pin C has keep related attribute (keep/mark_debug/dont_touch) which could create extra logic on its net [D:/delay_pedal/delay_pedal/delay_pedal.srcs/sources_1/new/button.vhd:40]
WARNING: [Synth 8-5396] Clock pin C has keep related attribute (keep/mark_debug/dont_touch) which could create extra logic on its net [D:/delay_pedal/delay_pedal/delay_pedal.srcs/sources_1/new/button.vhd:40]
WARNING: [Synth 8-5396] Clock pin C has keep related attribute (keep/mark_debug/dont_touch) which could create extra logic on its net [D:/delay_pedal/delay_pedal/delay_pedal.srcs/sources_1/new/button.vhd:40]
WARNING: [Synth 8-5396] Clock pin C has keep related attribute (keep/mark_debug/dont_touch) which could create extra logic on its net [D:/delay_pedal/delay_pedal/delay_pedal.srcs/sources_1/new/button.vhd:40]
WARNING: [Synth 8-5396] Clock pin C has keep related attribute (keep/mark_debug/dont_touch) which could create extra logic on its net [D:/delay_pedal/delay_pedal/delay_pedal.srcs/sources_1/new/button.vhd:40]
WARNING: [Synth 8-5396] Clock pin C has keep related attribute (keep/mark_debug/dont_touch) which could create extra logic on its net [D:/delay_pedal/delay_pedal/delay_pedal.srcs/sources_1/new/button.vhd:40]
WARNING: [Synth 8-5396] Clock pin C has keep related attribute (keep/mark_debug/dont_touch) which could create extra logic on its net [D:/delay_pedal/delay_pedal/delay_pedal.srcs/sources_1/new/button.vhd:40]
WARNING: [Synth 8-5396] Clock pin C has keep related attribute (keep/mark_debug/dont_touch) which could create extra logic on its net [D:/delay_pedal/delay_pedal/delay_pedal.srcs/sources_1/new/button.vhd:40]
WARNING: [Synth 8-5396] Clock pin C has keep related attribute (keep/mark_debug/dont_touch) which could create extra logic on its net [D:/delay_pedal/delay_pedal/delay_pedal.srcs/sources_1/new/button.vhd:40]
WARNING: [Synth 8-5396] Clock pin C has keep related attribute (keep/mark_debug/dont_touch) which could create extra logic on its net [D:/delay_pedal/delay_pedal/delay_pedal.srcs/sources_1/new/button.vhd:40]
WARNING: [Synth 8-5396] Clock pin C has keep related attribute (keep/mark_debug/dont_touch) which could create extra logic on its net [D:/delay_pedal/delay_pedal/delay_pedal.srcs/sources_1/new/button.vhd:40]
WARNING: [Synth 8-5396] Clock pin C has keep related attribute (keep/mark_debug/dont_touch) which could create extra logic on its net [D:/delay_pedal/delay_pedal/delay_pedal.srcs/sources_1/new/button.vhd:40]
WARNING: [Synth 8-5396] Clock pin C has keep related attribute (keep/mark_debug/dont_touch) which could create extra logic on its net [D:/delay_pedal/delay_pedal/delay_pedal.srcs/sources_1/new/button.vhd:40]
WARNING: [Synth 8-5396] Clock pin C has keep related attribute (keep/mark_debug/dont_touch) which could create extra logic on its net [D:/delay_pedal/delay_pedal/delay_pedal.srcs/sources_1/new/button.vhd:40]
WARNING: [Synth 8-5396] Clock pin C has keep related attribute (keep/mark_debug/dont_touch) which could create extra logic on its net [D:/delay_pedal/delay_pedal/delay_pedal.srcs/sources_1/new/button.vhd:40]
WARNING: [Synth 8-5396] Clock pin C has keep related attribute (keep/mark_debug/dont_touch) which could create extra logic on its net [D:/delay_pedal/delay_pedal/delay_pedal.srcs/sources_1/new/button.vhd:40]
WARNING: [Synth 8-5396] Clock pin C has keep related attribute (keep/mark_debug/dont_touch) which could create extra logic on its net [D:/delay_pedal/delay_pedal/delay_pedal.srcs/sources_1/new/button.vhd:40]
WARNING: [Synth 8-5396] Clock pin C has keep related attribute (keep/mark_debug/dont_touch) which could create extra logic on its net [D:/delay_pedal/delay_pedal/delay_pedal.srcs/sources_1/new/button.vhd:40]
WARNING: [Synth 8-5396] Clock pin C has keep related attribute (keep/mark_debug/dont_touch) which could create extra logic on its net [D:/delay_pedal/delay_pedal/delay_pedal.srcs/sources_1/new/button.vhd:40]
WARNING: [Synth 8-5396] Clock pin C has keep related attribute (keep/mark_debug/dont_touch) which could create extra logic on its net [D:/delay_pedal/delay_pedal/delay_pedal.srcs/sources_1/new/button.vhd:40]
WARNING: [Synth 8-5396] Clock pin C has keep related attribute (keep/mark_debug/dont_touch) which could create extra logic on its net [D:/delay_pedal/delay_pedal/delay_pedal.srcs/sources_1/new/button.vhd:40]
WARNING: [Synth 8-5396] Clock pin C has keep related attribute (keep/mark_debug/dont_touch) which could create extra logic on its net [D:/delay_pedal/delay_pedal/delay_pedal.srcs/sources_1/new/button.vhd:40]
WARNING: [Synth 8-5396] Clock pin C has keep related attribute (keep/mark_debug/dont_touch) which could create extra logic on its net [D:/delay_pedal/delay_pedal/delay_pedal.srcs/sources_1/new/button.vhd:40]
WARNING: [Synth 8-5396] Clock pin C has keep related attribute (keep/mark_debug/dont_touch) which could create extra logic on its net [D:/delay_pedal/delay_pedal/delay_pedal.srcs/sources_1/new/button.vhd:40]
WARNING: [Synth 8-5396] Clock pin C has keep related attribute (keep/mark_debug/dont_touch) which could create extra logic on its net [D:/delay_pedal/delay_pedal/delay_pedal.srcs/sources_1/new/button.vhd:40]
WARNING: [Synth 8-5396] Clock pin C has keep related attribute (keep/mark_debug/dont_touch) which could create extra logic on its net [D:/delay_pedal/delay_pedal/delay_pedal.srcs/sources_1/new/button.vhd:40]
WARNING: [Synth 8-5396] Clock pin C has keep related attribute (keep/mark_debug/dont_touch) which could create extra logic on its net [D:/delay_pedal/delay_pedal/delay_pedal.srcs/sources_1/new/button.vhd:40]
WARNING: [Synth 8-5396] Clock pin C has keep related attribute (keep/mark_debug/dont_touch) which could create extra logic on its net [D:/delay_pedal/delay_pedal/delay_pedal.srcs/sources_1/new/button.vhd:40]
WARNING: [Synth 8-5396] Clock pin C has keep related attribute (keep/mark_debug/dont_touch) which could create extra logic on its net [D:/delay_pedal/delay_pedal/delay_pedal.srcs/sources_1/new/button.vhd:40]
WARNING: [Synth 8-5396] Clock pin C has keep related attribute (keep/mark_debug/dont_touch) which could create extra logic on its net [D:/delay_pedal/delay_pedal/delay_pedal.srcs/sources_1/new/button.vhd:40]
WARNING: [Synth 8-5396] Clock pin C has keep related attribute (keep/mark_debug/dont_touch) which could create extra logic on its net [D:/delay_pedal/delay_pedal/delay_pedal.srcs/sources_1/new/button.vhd:40]
WARNING: [Synth 8-5396] Clock pin C has keep related attribute (keep/mark_debug/dont_touch) which could create extra logic on its net [D:/delay_pedal/delay_pedal/delay_pedal.srcs/sources_1/new/button.vhd:40]
WARNING: [Synth 8-5396] Clock pin C has keep related attribute (keep/mark_debug/dont_touch) which could create extra logic on its net [D:/delay_pedal/delay_pedal/delay_pedal.srcs/sources_1/new/button.vhd:40]
WARNING: [Synth 8-5396] Clock pin C has keep related attribute (keep/mark_debug/dont_touch) which could create extra logic on its net [D:/delay_pedal/delay_pedal/delay_pedal.srcs/sources_1/new/button.vhd:40]
WARNING: [Synth 8-5396] Clock pin C has keep related attribute (keep/mark_debug/dont_touch) which could create extra logic on its net [D:/delay_pedal/delay_pedal/delay_pedal.srcs/sources_1/new/button.vhd:40]
WARNING: [Synth 8-5396] Clock pin C has keep related attribute (keep/mark_debug/dont_touch) which could create extra logic on its net [D:/delay_pedal/delay_pedal/delay_pedal.srcs/sources_1/new/button.vhd:40]
WARNING: [Synth 8-5396] Clock pin C has keep related attribute (keep/mark_debug/dont_touch) which could create extra logic on its net [D:/delay_pedal/delay_pedal/delay_pedal.srcs/sources_1/new/button.vhd:40]
WARNING: [Synth 8-5396] Clock pin C has keep related attribute (keep/mark_debug/dont_touch) which could create extra logic on its net [D:/delay_pedal/delay_pedal/delay_pedal.srcs/sources_1/new/button.vhd:40]
WARNING: [Synth 8-5396] Clock pin C has keep related attribute (keep/mark_debug/dont_touch) which could create extra logic on its net [D:/delay_pedal/delay_pedal/delay_pedal.srcs/sources_1/new/button.vhd:40]
WARNING: [Synth 8-5396] Clock pin C has keep related attribute (keep/mark_debug/dont_touch) which could create extra logic on its net [D:/delay_pedal/delay_pedal/delay_pedal.srcs/sources_1/new/button.vhd:40]
WARNING: [Synth 8-5396] Clock pin C has keep related attribute (keep/mark_debug/dont_touch) which could create extra logic on its net [D:/delay_pedal/delay_pedal/delay_pedal.srcs/sources_1/new/button.vhd:40]
WARNING: [Synth 8-5396] Clock pin C has keep related attribute (keep/mark_debug/dont_touch) which could create extra logic on its net [D:/delay_pedal/delay_pedal/delay_pedal.srcs/sources_1/new/button.vhd:40]
WARNING: [Synth 8-5396] Clock pin C has keep related attribute (keep/mark_debug/dont_touch) which could create extra logic on its net [D:/delay_pedal/delay_pedal/delay_pedal.srcs/sources_1/new/button.vhd:40]
WARNING: [Synth 8-5396] Clock pin C has keep related attribute (keep/mark_debug/dont_touch) which could create extra logic on its net [D:/delay_pedal/delay_pedal/delay_pedal.srcs/sources_1/new/button.vhd:40]
WARNING: [Synth 8-5396] Clock pin C has keep related attribute (keep/mark_debug/dont_touch) which could create extra logic on its net [D:/delay_pedal/delay_pedal/delay_pedal.srcs/sources_1/new/button.vhd:40]
WARNING: [Synth 8-5396] Clock pin C has keep related attribute (keep/mark_debug/dont_touch) which could create extra logic on its net [D:/delay_pedal/delay_pedal/delay_pedal.srcs/sources_1/new/button.vhd:40]
WARNING: [Synth 8-5396] Clock pin C has keep related attribute (keep/mark_debug/dont_touch) which could create extra logic on its net [D:/delay_pedal/delay_pedal/delay_pedal.srcs/sources_1/new/button.vhd:40]
WARNING: [Synth 8-5396] Clock pin C has keep related attribute (keep/mark_debug/dont_touch) which could create extra logic on its net [D:/delay_pedal/delay_pedal/delay_pedal.srcs/sources_1/new/button.vhd:40]
WARNING: [Synth 8-5396] Clock pin C has keep related attribute (keep/mark_debug/dont_touch) which could create extra logic on its net [D:/delay_pedal/delay_pedal/delay_pedal.srcs/sources_1/new/button.vhd:40]
WARNING: [Synth 8-5396] Clock pin C has keep related attribute (keep/mark_debug/dont_touch) which could create extra logic on its net [D:/delay_pedal/delay_pedal/delay_pedal.srcs/sources_1/new/button.vhd:40]
WARNING: [Synth 8-5396] Clock pin C has keep related attribute (keep/mark_debug/dont_touch) which could create extra logic on its net [D:/delay_pedal/delay_pedal/delay_pedal.srcs/sources_1/new/button.vhd:40]
WARNING: [Synth 8-5396] Clock pin C has keep related attribute (keep/mark_debug/dont_touch) which could create extra logic on its net [D:/delay_pedal/delay_pedal/delay_pedal.srcs/sources_1/new/button.vhd:40]
WARNING: [Synth 8-5396] Clock pin C has keep related attribute (keep/mark_debug/dont_touch) which could create extra logic on its net [D:/delay_pedal/delay_pedal/delay_pedal.srcs/sources_1/new/button.vhd:40]
WARNING: [Synth 8-5396] Clock pin C has keep related attribute (keep/mark_debug/dont_touch) which could create extra logic on its net [D:/delay_pedal/delay_pedal/delay_pedal.srcs/sources_1/new/button.vhd:40]
WARNING: [Synth 8-5396] Clock pin C has keep related attribute (keep/mark_debug/dont_touch) which could create extra logic on its net [D:/delay_pedal/delay_pedal/delay_pedal.srcs/sources_1/new/delay_line.vhd:101]
WARNING: [Synth 8-5396] Clock pin C has keep related attribute (keep/mark_debug/dont_touch) which could create extra logic on its net [D:/delay_pedal/delay_pedal/delay_pedal.srcs/sources_1/new/delay_line.vhd:101]
WARNING: [Synth 8-5396] Clock pin C has keep related attribute (keep/mark_debug/dont_touch) which could create extra logic on its net [D:/delay_pedal/delay_pedal/delay_pedal.srcs/sources_1/new/delay_line.vhd:101]
WARNING: [Synth 8-5396] Clock pin C has keep related attribute (keep/mark_debug/dont_touch) which could create extra logic on its net [D:/delay_pedal/delay_pedal/delay_pedal.srcs/sources_1/new/delay_line.vhd:101]
WARNING: [Synth 8-5396] Clock pin C has keep related attribute (keep/mark_debug/dont_touch) which could create extra logic on its net [D:/delay_pedal/delay_pedal/delay_pedal.srcs/sources_1/new/delay_line.vhd:101]
WARNING: [Synth 8-5396] Clock pin C has keep related attribute (keep/mark_debug/dont_touch) which could create extra logic on its net [D:/delay_pedal/delay_pedal/delay_pedal.srcs/sources_1/new/delay_line.vhd:101]
WARNING: [Synth 8-5396] Clock pin C has keep related attribute (keep/mark_debug/dont_touch) which could create extra logic on its net [D:/delay_pedal/delay_pedal/delay_pedal.srcs/sources_1/new/delay_line.vhd:101]
WARNING: [Synth 8-5396] Clock pin C has keep related attribute (keep/mark_debug/dont_touch) which could create extra logic on its net [D:/delay_pedal/delay_pedal/delay_pedal.srcs/sources_1/new/delay_line.vhd:101]
WARNING: [Synth 8-5396] Clock pin C has keep related attribute (keep/mark_debug/dont_touch) which could create extra logic on its net [D:/delay_pedal/delay_pedal/delay_pedal.srcs/sources_1/new/delay_line.vhd:101]
WARNING: [Synth 8-5396] Clock pin C has keep related attribute (keep/mark_debug/dont_touch) which could create extra logic on its net [D:/delay_pedal/delay_pedal/delay_pedal.srcs/sources_1/new/delay_line.vhd:101]
WARNING: [Synth 8-5396] Clock pin C has keep related attribute (keep/mark_debug/dont_touch) which could create extra logic on its net [D:/delay_pedal/delay_pedal/delay_pedal.srcs/sources_1/new/delay_line.vhd:101]
WARNING: [Synth 8-5396] Clock pin C has keep related attribute (keep/mark_debug/dont_touch) which could create extra logic on its net [D:/delay_pedal/delay_pedal/delay_pedal.srcs/sources_1/new/delay_line.vhd:101]
WARNING: [Synth 8-5396] Clock pin C has keep related attribute (keep/mark_debug/dont_touch) which could create extra logic on its net [D:/delay_pedal/delay_pedal/delay_pedal.srcs/sources_1/new/delay_line.vhd:101]
WARNING: [Synth 8-5396] Clock pin C has keep related attribute (keep/mark_debug/dont_touch) which could create extra logic on its net [D:/delay_pedal/delay_pedal/delay_pedal.srcs/sources_1/new/delay_line.vhd:101]
WARNING: [Synth 8-5396] Clock pin C has keep related attribute (keep/mark_debug/dont_touch) which could create extra logic on its net [D:/delay_pedal/delay_pedal/delay_pedal.srcs/sources_1/new/delay_line.vhd:101]
WARNING: [Synth 8-5396] Clock pin C has keep related attribute (keep/mark_debug/dont_touch) which could create extra logic on its net [D:/delay_pedal/delay_pedal/delay_pedal.srcs/sources_1/new/delay_line.vhd:101]
WARNING: [Synth 8-5396] Clock pin C has keep related attribute (keep/mark_debug/dont_touch) which could create extra logic on its net [D:/delay_pedal/delay_pedal/delay_pedal.srcs/sources_1/new/delay_line.vhd:101]
WARNING: [Synth 8-5396] Clock pin C has keep related attribute (keep/mark_debug/dont_touch) which could create extra logic on its net [D:/delay_pedal/delay_pedal/delay_pedal.srcs/sources_1/new/delay_line.vhd:101]
WARNING: [Synth 8-5396] Clock pin C has keep related attribute (keep/mark_debug/dont_touch) which could create extra logic on its net [D:/delay_pedal/delay_pedal/delay_pedal.srcs/sources_1/new/delay_line.vhd:101]
WARNING: [Synth 8-5396] Clock pin C has keep related attribute (keep/mark_debug/dont_touch) which could create extra logic on its net [D:/delay_pedal/delay_pedal/delay_pedal.srcs/sources_1/new/delay_line.vhd:101]
WARNING: [Synth 8-5396] Clock pin C has keep related attribute (keep/mark_debug/dont_touch) which could create extra logic on its net [D:/delay_pedal/delay_pedal/delay_pedal.srcs/sources_1/new/delay_line.vhd:101]
WARNING: [Synth 8-5396] Clock pin C has keep related attribute (keep/mark_debug/dont_touch) which could create extra logic on its net [D:/delay_pedal/delay_pedal/delay_pedal.srcs/sources_1/new/delay_line.vhd:101]
WARNING: [Synth 8-5396] Clock pin C has keep related attribute (keep/mark_debug/dont_touch) which could create extra logic on its net [D:/delay_pedal/delay_pedal/delay_pedal.srcs/sources_1/new/delay_line.vhd:101]
WARNING: [Synth 8-5396] Clock pin C has keep related attribute (keep/mark_debug/dont_touch) which could create extra logic on its net [D:/delay_pedal/delay_pedal/delay_pedal.srcs/sources_1/new/delay_line.vhd:101]
WARNING: [Synth 8-5396] Clock pin C has keep related attribute (keep/mark_debug/dont_touch) which could create extra logic on its net [D:/delay_pedal/delay_pedal/delay_pedal.srcs/sources_1/new/delay_line.vhd:101]
WARNING: [Synth 8-5396] Clock pin C has keep related attribute (keep/mark_debug/dont_touch) which could create extra logic on its net [D:/delay_pedal/delay_pedal/delay_pedal.srcs/sources_1/new/delay_line.vhd:101]
WARNING: [Synth 8-5396] Clock pin C has keep related attribute (keep/mark_debug/dont_touch) which could create extra logic on its net [D:/delay_pedal/delay_pedal/delay_pedal.srcs/sources_1/new/delay_line.vhd:101]
WARNING: [Synth 8-5396] Clock pin C has keep related attribute (keep/mark_debug/dont_touch) which could create extra logic on its net [D:/delay_pedal/delay_pedal/delay_pedal.srcs/sources_1/new/delay_line.vhd:101]
WARNING: [Synth 8-5396] Clock pin C has keep related attribute (keep/mark_debug/dont_touch) which could create extra logic on its net [D:/delay_pedal/delay_pedal/delay_pedal.srcs/sources_1/new/delay_line.vhd:101]
WARNING: [Synth 8-5396] Clock pin C has keep related attribute (keep/mark_debug/dont_touch) which could create extra logic on its net [D:/delay_pedal/delay_pedal/delay_pedal.srcs/sources_1/new/delay_line.vhd:101]
WARNING: [Synth 8-5396] Clock pin C has keep related attribute (keep/mark_debug/dont_touch) which could create extra logic on its net [D:/delay_pedal/delay_pedal/delay_pedal.srcs/sources_1/new/delay_line.vhd:101]
WARNING: [Synth 8-5396] Clock pin C has keep related attribute (keep/mark_debug/dont_touch) which could create extra logic on its net [D:/delay_pedal/delay_pedal/delay_pedal.srcs/sources_1/new/delay_line.vhd:101]
WARNING: [Synth 8-5396] Clock pin C has keep related attribute (keep/mark_debug/dont_touch) which could create extra logic on its net [D:/delay_pedal/delay_pedal/delay_pedal.srcs/sources_1/new/button.vhd:40]
WARNING: [Synth 8-5396] Clock pin C has keep related attribute (keep/mark_debug/dont_touch) which could create extra logic on its net [D:/delay_pedal/delay_pedal/delay_pedal.srcs/sources_1/new/button.vhd:40]
WARNING: [Synth 8-5396] Clock pin C has keep related attribute (keep/mark_debug/dont_touch) which could create extra logic on its net [D:/delay_pedal/delay_pedal/delay_pedal.srcs/sources_1/new/button.vhd:40]
WARNING: [Synth 8-5396] Clock pin C has keep related attribute (keep/mark_debug/dont_touch) which could create extra logic on its net [D:/delay_pedal/delay_pedal/delay_pedal.srcs/sources_1/new/button.vhd:40]
WARNING: [Synth 8-5396] Clock pin C has keep related attribute (keep/mark_debug/dont_touch) which could create extra logic on its net [D:/delay_pedal/delay_pedal/delay_pedal.srcs/sources_1/new/button.vhd:40]
WARNING: [Synth 8-5396] Clock pin C has keep related attribute (keep/mark_debug/dont_touch) which could create extra logic on its net [D:/delay_pedal/delay_pedal/delay_pedal.srcs/sources_1/new/button.vhd:40]
WARNING: [Synth 8-5396] Clock pin C has keep related attribute (keep/mark_debug/dont_touch) which could create extra logic on its net [D:/delay_pedal/delay_pedal/delay_pedal.srcs/sources_1/new/button.vhd:40]
WARNING: [Synth 8-5396] Clock pin C has keep related attribute (keep/mark_debug/dont_touch) which could create extra logic on its net [D:/delay_pedal/delay_pedal/delay_pedal.srcs/sources_1/new/button.vhd:40]
WARNING: [Synth 8-5396] Clock pin C has keep related attribute (keep/mark_debug/dont_touch) which could create extra logic on its net [D:/delay_pedal/delay_pedal/delay_pedal.srcs/sources_1/new/button.vhd:40]
WARNING: [Synth 8-5396] Clock pin C has keep related attribute (keep/mark_debug/dont_touch) which could create extra logic on its net [D:/delay_pedal/delay_pedal/delay_pedal.srcs/sources_1/new/button.vhd:40]
INFO: [Common 17-14] Message 'Synth 8-5396' appears 100 times and further instances of the messages will be disabled. Use the Tcl command set_msg_config to change the current settings.
---------------------------------------------------------------------------------
Finished IO Insertion : Time (s): cpu = 00:00:43 ; elapsed = 00:00:45 . Memory (MB): peak = 1369.703 ; gain = 75.570
---------------------------------------------------------------------------------
---------------------------------------------------------------------------------
Start Renaming Generated Instances
---------------------------------------------------------------------------------
---------------------------------------------------------------------------------
Finished Renaming Generated Instances : Time (s): cpu = 00:00:43 ; elapsed = 00:00:45 . Memory (MB): peak = 1369.703 ; gain = 75.570
---------------------------------------------------------------------------------
---------------------------------------------------------------------------------
Start Rebuilding User Hierarchy
---------------------------------------------------------------------------------
---------------------------------------------------------------------------------
Finished Rebuilding User Hierarchy : Time (s): cpu = 00:00:43 ; elapsed = 00:00:45 . Memory (MB): peak = 1369.703 ; gain = 75.570
---------------------------------------------------------------------------------
---------------------------------------------------------------------------------
Start Renaming Generated Ports
---------------------------------------------------------------------------------
---------------------------------------------------------------------------------
Finished Renaming Generated Ports : Time (s): cpu = 00:00:43 ; elapsed = 00:00:45 . Memory (MB): peak = 1369.703 ; gain = 75.570
---------------------------------------------------------------------------------
---------------------------------------------------------------------------------
Start Handling Custom Attributes
---------------------------------------------------------------------------------
---------------------------------------------------------------------------------
Finished Handling Custom Attributes : Time (s): cpu = 00:00:43 ; elapsed = 00:00:45 . Memory (MB): peak = 1369.730 ; gain = 75.598
---------------------------------------------------------------------------------
---------------------------------------------------------------------------------
Start Renaming Generated Nets
---------------------------------------------------------------------------------
---------------------------------------------------------------------------------
Finished Renaming Generated Nets : Time (s): cpu = 00:00:43 ; elapsed = 00:00:45 . Memory (MB): peak = 1369.730 ; gain = 75.598
---------------------------------------------------------------------------------
---------------------------------------------------------------------------------
Start ROM, RAM, DSP, Shift Register and Retiming Reporting
---------------------------------------------------------------------------------

Static Shift Register Report:
+----------------+---------------------------------------------------------------------------+--------+-------+--------------+--------------------+-------------------+--------+---------+
|Module Name     | RTL Name                                                                  | Length | Width | Reset Signal | Pull out first Reg | Pull out last Reg | SRL16E | SRLC32E | 
+----------------+---------------------------------------------------------------------------+--------+-------+--------------+--------------------+-------------------+--------+---------+
|delay_pedal_top | i_audio/Inst_adau1761_izedboard/Inst_i2s_data_interface/bclk_delay_reg[1] | 6      | 1     | NO           | NO                 | YES               | 1      | 0       | 
|delay_pedal_top | i_audio/sample_clk_48k_d3_48_reg                                          | 3      | 1     | NO           | NO                 | YES               | 1      | 0       | 
|delay_pedal_top | i_audio/Inst_adau1761_izedboard/Inst_i2s_data_interface/sr_in_reg[103]    | 9      | 1     | NO           | NO                 | YES               | 1      | 0       | 
|delay_pedal_top | i_audio/Inst_adau1761_izedboard/Inst_i2s_data_interface/sr_in_reg[71]     | 72     | 1     | NO           | NO                 | YES               | 0      | 3       | 
|delay_pedal_top | chan_l/v2_reg                                                             | 3      | 1     | NO           | NO                 | YES               | 1      | 0       | 
|delay_pedal_top | chan_r/v2_reg                                                             | 3      | 1     | NO           | NO                 | YES               | 1      | 0       | 
+----------------+---------------------------------------------------------------------------+--------+-------+--------------+--------------------+-------------------+--------+---------+

---------------------------------------------------------------------------------
Finished ROM, RAM, DSP, Shift Register and Retiming Reporting
---------------------------------------------------------------------------------
---------------------------------------------------------------------------------
Start Writing Synthesis Report
---------------------------------------------------------------------------------

DSP Final Report (the ' indicates corresponding REG is set)
+--------------+-------------+--------+--------+--------+--------+--------+------+------+------+------+-------+------+------+
|Module Name   | DSP Mapping | A Size | B Size | C Size | D Size | P Size | AREG | BREG | CREG | DREG | ADREG | MREG | PREG | 
+--------------+-------------+--------+--------+--------+--------+--------+------+------+------+------+-------+------+------+
|delay_channel | (A*B)'      | 30     | 9      | -      | -      | 34     | 0    | 0    | -    | -    | -     | 0    | 1    | 
|delay_channel | (A*B)'      | 30     | 9      | -      | -      | 34     | 0    | 0    | -    | -    | -     | 0    | 1    | 
|delay_channel | (A'*B)'     | 30     | 9      | -      | -      | 34     | 1    | 0    | -    | -    | -     | 0    | 1    | 
|delay_channel | (A*B)'      | 30     | 9      | -      | -      | 34     | 0    | 0    | -    | -    | -     | 0    | 1    | 
|delay_channel | (A*B)'      | 30     | 9      | -      | -      | 34     | 0    | 0    | -    | -    | -     | 0    | 1    | 
|delay_channel | (A'*B)'     | 30     | 9      | -      | -      | 34     | 1    | 0    | -    | -    | -     | 0    | 1    | 
+--------------+-------------+--------+--------+--------+--------+--------+------+------+------+------+-------+------+------+


Report BlackBoxes: 
+------+-----------------+----------+
|      |BlackBox name    |Instances |
+------+-----------------+----------+
|1     |fifo_delay_axis  |         2|
|2     |fir_hpf_129t_b16 |         2|
|3     |fir_lpf_129t_b16 |         2|
+------+-----------------+----------+

Report Cell Usage: 
+------+-----------------+------+
|      |Cell             |Count |
+------+-----------------+------+
|1     |fifo_delay_axis  |     2|
|3     |fir_hpf_129t_b16 |     2|
|5     |fir_lpf_129t_b16 |     2|
|7     |BUFG             |     1|
|8     |CARRY4           |    74|
|9     |DSP48E1          |     6|
|11    |LUT1             |    33|
|12    |LUT2             |   221|
|13    |LUT3             |    87|
|14    |LUT4             |   194|
|15    |LUT5             |   102|
|16    |LUT6             |   118|
|17    |MMCME2_ADV       |     1|
|18    |RAMB18E1         |     1|
|19    |SRL16E           |     5|
|20    |SRLC32E          |     3|
|21    |FDRE             |   697|
|22    |FDSE             |   142|
|23    |IBUF             |     8|
|24    |IBUFG            |     1|
|25    |IOBUF            |     1|
|26    |OBUF             |     5|
+------+-----------------+------+
---------------------------------------------------------------------------------
Finished Writing Synthesis Report : Time (s): cpu = 00:00:43 ; elapsed = 00:00:45 . Memory (MB): peak = 1369.730 ; gain = 75.598
---------------------------------------------------------------------------------
Synthesis finished with 0 errors, 0 critical warnings and 632 warnings.
Synthesis Optimization Runtime : Time (s): cpu = 00:00:32 ; elapsed = 00:00:42 . Memory (MB): peak = 1369.730 ; gain = 36.047
Synthesis Optimization Complete : Time (s): cpu = 00:00:44 ; elapsed = 00:00:45 . Memory (MB): peak = 1369.730 ; gain = 75.598
INFO: [Project 1-571] Translating synthesized netlist
Netlist sorting complete. Time (s): cpu = 00:00:00 ; elapsed = 00:00:00.038 . Memory (MB): peak = 1369.730 ; gain = 0.000
INFO: [Netlist 29-17] Analyzing 84 Unisim elements for replacement
WARNING: [Netlist 29-432] The IBUFG primitive 'i_audio/i_clocking/clkin1_buf' has been retargeted to an IBUF primitive only. No BUFG will be added. If a global buffer is intended, please instantiate an available global clock primitive from the current architecture.
INFO: [Netlist 29-28] Unisim Transformation completed in 0 CPU seconds
INFO: [Project 1-570] Preparing netlist for logic optimization
INFO: [Opt 31-138] Pushed 0 inverter(s) to 0 load pin(s).
Netlist sorting complete. Time (s): cpu = 00:00:00 ; elapsed = 00:00:00.001 . Memory (MB): peak = 1369.730 ; gain = 0.000
INFO: [Project 1-111] Unisim Transformation Summary:
  A total of 2 instances were transformed.
  IBUFG => IBUF: 1 instance 
  IOBUF => IOBUF (IBUF, OBUFT): 1 instance 

Synth Design complete, checksum: 33ff0e8e
INFO: [Common 17-83] Releasing license: Synthesis
74 Infos, 107 Warnings, 0 Critical Warnings and 0 Errors encountered.
synth_design completed successfully
synth_design: Time (s): cpu = 00:00:49 ; elapsed = 00:01:00 . Memory (MB): peak = 1369.730 ; gain = 75.598
INFO: [Common 17-1381] The checkpoint 'D:/delay_pedal/delay_pedal/delay_pedal.runs/synth_1/delay_pedal_top.dcp' has been generated.
INFO: [runtcl-4] Executing : report_utilization -file delay_pedal_top_utilization_synth.rpt -pb delay_pedal_top_utilization_synth.pb
INFO: [Common 17-206] Exiting Vivado at Tue Oct  6 22:22:22 2026...
